// Jest Snapshot v1, https://goo.gl/fbAQLP

exports[`tests for collections snapshot for collection file 1`] = `undefined`;
