// Jest Snapshot v1, https://goo.gl/fbAQLP

exports[`tests for Details snapshot for details file 1`] = `undefined`;
